22 scenarios generated
[PASS] h_multi_reboot_0 (no crash) 
[PASS] h_multi_reboot_1 (no crash) 
[PASS] h_multi_reboot_2 (no crash) 
[PASS] h_playback_wrap_0 (no crash) 
[PASS] h_playback_wrap_1 (no crash) 
[PASS] h_reboot_early_0 (no crash) 
[PASS] h_reboot_early_1 (no crash) 
[PASS] h_reboot_in_pass_0 (no crash) 
[PASS] h_reboot_in_pass_1 (no crash) 
[PASS] h_reboot_late_0 (no crash) 
[PASS] h_reboot_late_1 (no crash) 
[PASS] h_retract_in_doubt_0 (no crash) 
[PASS] h_retract_in_doubt_1 (no crash) 
[PASS] h_steady_0 (no crash) 
[PASS] h_steady_1 (no crash) 
[PASS] h_wrap_near_reboot_0 (no crash) 
[PASS] h_wrap_near_reboot_1 (no crash) 
[PASS] h_wrap_near_reboot_2 (no crash) 
[PASS] small_crash (no crash) 
[PASS] v1_steady (no crash) 
[PASS] v2_reboot_early_bootlog (no crash) 
[PASS] v3_reboot_late_bootlog (no crash) 
crash runs: 169, failed: 0
RESULT: PASS
rc=0
