Checking /Users/josh/Desktop/Interviews/tb3-submission/tasks/electric-orbit-raising/task.toml...
All task.toml files allow internet access
All files contain the required canary string
PASS /Users/josh/Desktop/Interviews/tb3-submission/tasks/electric-orbit-raising
All task.toml gpu_types values are canonical
Checking /Users/josh/Desktop/Interviews/tb3-submission/tasks/electric-orbit-raising...
All instruction.md files end with the canonical timeout/anti-cheat line
Checking /Users/josh/Desktop/Interviews/tb3-submission/tasks/electric-orbit-raising/task.toml...
All task.toml files omit an explicit allow_internet = true
Checking /Users/josh/Desktop/Interviews/tb3-submission/tasks/electric-orbit-raising...
All scripts avoid bare nproc
Checking /Users/josh/Desktop/Interviews/tb3-submission/tasks/electric-orbit-raising...
All pip / uv pip / uvx --with installs are pinned
Checking /Users/josh/Desktop/Interviews/tb3-submission/tasks/electric-orbit-raising...
PASS
Checking /Users/josh/Desktop/Interviews/tb3-submission/tasks/electric-orbit-raising...
All tasks are configured for separate verifier mode
Checking /Users/josh/Desktop/Interviews/tb3-submission/tasks/electric-orbit-raising/task.toml...
All task.toml files contain required fields and README sections with valid values
Checking /Users/josh/Desktop/Interviews/tb3-submission/tasks/electric-orbit-raising/task.toml...
PASS /Users/josh/Desktop/Interviews/tb3-submission/tasks/electric-orbit-raising
All task.toml files have the expected [task] name
PASS /Users/josh/Desktop/Interviews/tb3-submission/tasks/electric-orbit-raising (3 tokens)
Checking /Users/josh/Desktop/Interviews/tb3-submission/tasks/electric-orbit-raising/task.toml...
All task.toml timeouts are within the 28800-second (8h) cap
Checking /Users/josh/Desktop/Interviews/tb3-submission/tasks/electric-orbit-raising...
No external trial-time fetches in tests/test.sh
Checking /Users/josh/Desktop/Interviews/tb3-submission/tasks/electric-orbit-raising/tests/test.sh...
All separate-verifier tasks bake their verifier tooling into the image
